// Jest Snapshot v1, https://goo.gl/fbAQLP

exports[`App Has expected HTML structure 1`] = `
<div
  id="app"
>
  <!---->
</div>
`;
